../Core/Src/stm32f4xx_it.c:61:6:NMI_Handler	4	static
../Core/Src/stm32f4xx_it.c:76:6:HardFault_Handler	4	static
../Core/Src/stm32f4xx_it.c:91:6:MemManage_Handler	4	static
../Core/Src/stm32f4xx_it.c:106:6:BusFault_Handler	4	static
../Core/Src/stm32f4xx_it.c:121:6:UsageFault_Handler	4	static
../Core/Src/stm32f4xx_it.c:136:6:SVC_Handler	4	static
../Core/Src/stm32f4xx_it.c:149:6:DebugMon_Handler	4	static
../Core/Src/stm32f4xx_it.c:162:6:PendSV_Handler	4	static
../Core/Src/stm32f4xx_it.c:175:6:SysTick_Handler	4	static
../Core/Src/stm32f4xx_it.c:196:6:EXTI0_IRQHandler	8	static
../Core/Src/stm32f4xx_it.c:210:6:TIM5_IRQHandler	8	static
